
> himquarterz-bible-app@0.1.0 build
> react-scripts build

Creating an optimized production build...
Compiled with warnings.

[eslint] 
src/api/restoration.js
  Line 90:25:   eval can be harmful                                             no-eval
  Line 152:25:  eval can be harmful                                             no-eval
  Line 295:1:   Assign object to a variable before exporting as module default  import/no-anonymous-default-export

src/api/verses.js
  Line 285:11:  'manuscriptId' is assigned a value but never used               no-unused-vars
  Line 357:1:   Assign object to a variable before exporting as module default  import/no-anonymous-default-export

Search for the keywords to learn more about each warning.
To ignore, add // eslint-disable-next-line to the line before.

File sizes after gzip:

  169.14 kB (+195 B)  build/static/js/main.f1abae98.js
  3.47 kB             build/static/css/main.78536bb9.css
  1.78 kB             build/static/js/453.a1290e50.chunk.js

The project was built assuming it is hosted at /.
You can control this with the homepage field in your package.json.

The build folder is ready to be deployed.
You may serve it with a static server:

  npm install -g serve
  serve -s build

Find out more about deployment here:

  https://cra.link/deployment

